[2026-03-14 13:43:48,073][flwr][WARNING] - DEPRECATED FEATURE: flwr.simulation.start_simulation() is deprecated.
	Instead, use the `flwr run` CLI command to start a local simulation in your Flower app, as shown for example below:

		$ flwr new  # Create a new Flower app from a template

		$ flwr run  # Run the Flower app in Simulation Mode

	Using `start_simulation()` is deprecated.

            This is a deprecated feature. It will be removed
            entirely in future versions of Flower.
        
[2026-03-14 13:43:48,073][flwr][INFO] - Starting Flower simulation, config: num_rounds=8, no round_timeout
[2026-03-14 13:43:53,408][flwr][INFO] - Flower VCE: Ray initialized with resources: {'CPU': 8.0, 'node:__internal_head__': 1.0, 'node:127.0.0.1': 1.0, 'object_store_memory': 211528089.0, 'memory': 493565543.0}
[2026-03-14 13:43:53,408][flwr][INFO] - Optimize your simulation with Flower VCE: https://flower.ai/docs/framework/how-to-run-simulations.html
[2026-03-14 13:43:53,408][flwr][INFO] - No `client_resources` specified. Using minimal resources for clients.
[2026-03-14 13:43:53,408][flwr][INFO] - Flower VCE: Resources for each Virtual Client: {'num_cpus': 1, 'num_gpus': 0.0}
[2026-03-14 13:43:53,438][flwr][INFO] - Flower VCE: Creating VirtualClientEngineActorPool with 8 actors
[2026-03-14 13:43:53,438][flwr][INFO] - [INIT]
[2026-03-14 13:43:53,438][flwr][INFO] - Requesting initial parameters from one random client
[2026-03-14 13:44:02,062][flwr][INFO] - Received initial parameters from one random client
[2026-03-14 13:44:02,067][flwr][INFO] - Starting evaluation of initial global parameters
[2026-03-14 13:44:04,041][flwr][INFO] - initial parameters (loss, other metrics): 361.1449728012085, {'accuracy': 0.113}
[2026-03-14 13:44:04,044][flwr][INFO] - 
[2026-03-14 13:44:04,044][flwr][INFO] - [ROUND 1]
[2026-03-14 13:44:04,044][flwr][INFO] - configure_fit: strategy sampled 3 clients (out of 12)
[2026-03-14 13:44:10,267][flwr][INFO] - aggregate_fit: received 3 results and 0 failures
[2026-03-14 13:44:10,273][flwr][WARNING] - No fit_metrics_aggregation_fn provided
[2026-03-14 13:44:12,273][flwr][INFO] - fit progress: (1, 150.74149525165558, {'accuracy': 0.6874}, 8.231292300042696)
[2026-03-14 13:44:12,275][flwr][INFO] - configure_evaluate: strategy sampled 4 clients (out of 12)
[2026-03-14 13:44:16,924][flwr][INFO] - aggregate_evaluate: received 4 results and 0 failures
[2026-03-14 13:44:16,924][flwr][WARNING] - No evaluate_metrics_aggregation_fn provided
[2026-03-14 13:44:16,924][flwr][INFO] - 
[2026-03-14 13:44:16,924][flwr][INFO] - [ROUND 2]
[2026-03-14 13:44:16,927][flwr][INFO] - configure_fit: strategy sampled 3 clients (out of 12)
[2026-03-14 13:44:19,554][flwr][INFO] - aggregate_fit: received 3 results and 0 failures
[2026-03-14 13:44:21,836][flwr][INFO] - fit progress: (2, 168.01174902915955, {'accuracy': 0.683}, 17.792302999994718)
[2026-03-14 13:44:21,836][flwr][INFO] - configure_evaluate: strategy sampled 4 clients (out of 12)
[2026-03-14 13:44:22,533][flwr][INFO] - aggregate_evaluate: received 4 results and 0 failures
[2026-03-14 13:44:22,533][flwr][INFO] - 
[2026-03-14 13:44:22,533][flwr][INFO] - [ROUND 3]
[2026-03-14 13:44:22,533][flwr][INFO] - configure_fit: strategy sampled 3 clients (out of 12)
[2026-03-14 13:44:24,673][flwr][INFO] - aggregate_fit: received 3 results and 0 failures
[2026-03-14 13:44:26,504][flwr][INFO] - fit progress: (3, 138.4575424194336, {'accuracy': 0.7249}, 22.461739300051704)
[2026-03-14 13:44:26,504][flwr][INFO] - configure_evaluate: strategy sampled 4 clients (out of 12)
[2026-03-14 13:44:27,098][flwr][INFO] - aggregate_evaluate: received 4 results and 0 failures
[2026-03-14 13:44:27,098][flwr][INFO] - 
[2026-03-14 13:44:27,098][flwr][INFO] - [ROUND 4]
[2026-03-14 13:44:27,098][flwr][INFO] - configure_fit: strategy sampled 3 clients (out of 12)
[2026-03-14 13:44:29,384][flwr][INFO] - aggregate_fit: received 3 results and 0 failures
[2026-03-14 13:44:31,179][flwr][INFO] - fit progress: (4, 100.83811192214489, {'accuracy': 0.8126}, 27.13719709997531)
[2026-03-14 13:44:31,182][flwr][INFO] - configure_evaluate: strategy sampled 4 clients (out of 12)
[2026-03-14 13:44:31,829][flwr][INFO] - aggregate_evaluate: received 4 results and 0 failures
[2026-03-14 13:44:31,830][flwr][INFO] - 
[2026-03-14 13:44:31,830][flwr][INFO] - [ROUND 5]
[2026-03-14 13:44:31,834][flwr][INFO] - configure_fit: strategy sampled 3 clients (out of 12)
[2026-03-14 13:44:34,117][flwr][INFO] - aggregate_fit: received 3 results and 0 failures
[2026-03-14 13:44:35,884][flwr][INFO] - fit progress: (5, 126.57596600055695, {'accuracy': 0.7254}, 31.8408092999598)
[2026-03-14 13:44:35,884][flwr][INFO] - configure_evaluate: strategy sampled 4 clients (out of 12)
[2026-03-14 13:44:36,474][flwr][INFO] - aggregate_evaluate: received 4 results and 0 failures
[2026-03-14 13:44:36,474][flwr][INFO] - 
[2026-03-14 13:44:36,474][flwr][INFO] - [ROUND 6]
[2026-03-14 13:44:36,474][flwr][INFO] - configure_fit: strategy sampled 3 clients (out of 12)
[2026-03-14 13:44:38,453][flwr][INFO] - aggregate_fit: received 3 results and 0 failures
[2026-03-14 13:44:40,191][flwr][INFO] - fit progress: (6, 102.31480857729912, {'accuracy': 0.8022}, 36.148170099942945)
[2026-03-14 13:44:40,193][flwr][INFO] - configure_evaluate: strategy sampled 4 clients (out of 12)
[2026-03-14 13:44:40,685][flwr][INFO] - aggregate_evaluate: received 4 results and 0 failures
[2026-03-14 13:44:40,693][flwr][INFO] - 
[2026-03-14 13:44:40,693][flwr][INFO] - [ROUND 7]
[2026-03-14 13:44:40,694][flwr][INFO] - configure_fit: strategy sampled 3 clients (out of 12)
[2026-03-14 13:44:42,732][flwr][INFO] - aggregate_fit: received 3 results and 0 failures
[2026-03-14 13:44:44,537][flwr][INFO] - fit progress: (7, 98.01179221272469, {'accuracy': 0.8485}, 40.49453809997067)
[2026-03-14 13:44:44,537][flwr][INFO] - configure_evaluate: strategy sampled 4 clients (out of 12)
[2026-03-14 13:44:45,084][flwr][INFO] - aggregate_evaluate: received 4 results and 0 failures
[2026-03-14 13:44:45,084][flwr][INFO] - 
[2026-03-14 13:44:45,084][flwr][INFO] - [ROUND 8]
[2026-03-14 13:44:45,084][flwr][INFO] - configure_fit: strategy sampled 3 clients (out of 12)
[2026-03-14 13:44:47,023][flwr][INFO] - aggregate_fit: received 3 results and 0 failures
[2026-03-14 13:44:48,743][flwr][INFO] - fit progress: (8, 115.74981814622879, {'accuracy': 0.7379}, 44.700799599988386)
[2026-03-14 13:44:48,743][flwr][INFO] - configure_evaluate: strategy sampled 4 clients (out of 12)
[2026-03-14 13:44:49,615][flwr][INFO] - aggregate_evaluate: received 4 results and 0 failures
[2026-03-14 13:44:49,617][flwr][INFO] - 
[2026-03-14 13:44:49,617][flwr][INFO] - [SUMMARY]
[2026-03-14 13:44:49,617][flwr][INFO] - Run finished 8 round(s) in 45.57s
[2026-03-14 13:44:49,619][flwr][INFO] - 	History (loss, distributed):
[2026-03-14 13:44:49,767][flwr][INFO] - 		round 1: 15.862774789333344
[2026-03-14 13:44:49,769][flwr][INFO] - 		round 2: 17.021706357598305
[2026-03-14 13:44:49,769][flwr][INFO] - 		round 3: 14.310830846428871
[2026-03-14 13:44:49,771][flwr][INFO] - 		round 4: 10.67899376899004
[2026-03-14 13:44:49,771][flwr][INFO] - 		round 5: 13.629996970295906
[2026-03-14 13:44:49,773][flwr][INFO] - 		round 6: 10.733258336782455
[2026-03-14 13:44:49,774][flwr][INFO] - 		round 7: 10.200997404754162
[2026-03-14 13:44:49,774][flwr][INFO] - 		round 8: 12.368466779589653
[2026-03-14 13:44:49,776][flwr][INFO] - 	History (loss, centralized):
[2026-03-14 13:44:49,776][flwr][INFO] - 		round 0: 361.1449728012085
[2026-03-14 13:44:49,778][flwr][INFO] - 		round 1: 150.74149525165558
[2026-03-14 13:44:49,778][flwr][INFO] - 		round 2: 168.01174902915955
[2026-03-14 13:44:49,780][flwr][INFO] - 		round 3: 138.4575424194336
[2026-03-14 13:44:49,781][flwr][INFO] - 		round 4: 100.83811192214489
[2026-03-14 13:44:49,782][flwr][INFO] - 		round 5: 126.57596600055695
[2026-03-14 13:44:49,783][flwr][INFO] - 		round 6: 102.31480857729912
[2026-03-14 13:44:49,783][flwr][INFO] - 		round 7: 98.01179221272469
[2026-03-14 13:44:49,783][flwr][INFO] - 		round 8: 115.74981814622879
[2026-03-14 13:44:49,786][flwr][INFO] - 	History (metrics, centralized):
[2026-03-14 13:44:49,786][flwr][INFO] - 	{'accuracy': [(0, 0.113),
[2026-03-14 13:44:49,786][flwr][INFO] - 	              (1, 0.6874),
[2026-03-14 13:44:49,786][flwr][INFO] - 	              (2, 0.683),
[2026-03-14 13:44:49,786][flwr][INFO] - 	              (3, 0.7249),
[2026-03-14 13:44:49,786][flwr][INFO] - 	              (4, 0.8126),
[2026-03-14 13:44:49,786][flwr][INFO] - 	              (5, 0.7254),
[2026-03-14 13:44:49,794][flwr][INFO] - 	              (6, 0.8022),
[2026-03-14 13:44:49,794][flwr][INFO] - 	              (7, 0.8485),
[2026-03-14 13:44:49,798][flwr][INFO] - 	              (8, 0.7379)]}
[2026-03-14 13:44:49,801][flwr][INFO] - 
