[2026-03-20 07:40:37,072][flwr][WARNING] - 
Setting `min_available_clients` lower than `min_fit_clients` or
`min_evaluate_clients` can cause the server to fail when there are too few clients
connected to the server. `min_available_clients` must be set to a value larger
than or equal to the values of `min_fit_clients` and `min_evaluate_clients`.

[2026-03-20 07:40:37,687][flwr][WARNING] - DEPRECATED FEATURE: flwr.simulation.start_simulation() is deprecated.
	Instead, use the `flwr run` CLI command to start a local simulation in your Flower app, as shown for example below:

		$ flwr new  # Create a new Flower app from a template

		$ flwr run  # Run the Flower app in Simulation Mode

	Using `start_simulation()` is deprecated.

            This is a deprecated feature. It will be removed
            entirely in future versions of Flower.
        
[2026-03-20 07:40:37,691][flwr][INFO] - Starting Flower simulation, config: num_rounds=8, no round_timeout
[2026-03-20 07:40:42,500][flwr][INFO] - Flower VCE: Ray initialized with resources: {'CPU': 8.0, 'memory': 365820314.0, 'node:127.0.0.1': 1.0, 'node:__internal_head__': 1.0, 'object_store_memory': 156780134.0}
[2026-03-20 07:40:42,500][flwr][INFO] - Optimize your simulation with Flower VCE: https://flower.ai/docs/framework/how-to-run-simulations.html
[2026-03-20 07:40:42,500][flwr][INFO] - No `client_resources` specified. Using minimal resources for clients.
[2026-03-20 07:40:42,500][flwr][INFO] - Flower VCE: Resources for each Virtual Client: {'num_cpus': 1, 'num_gpus': 0.0}
[2026-03-20 07:40:42,542][flwr][INFO] - Flower VCE: Creating VirtualClientEngineActorPool with 8 actors
[2026-03-20 07:40:42,543][flwr][INFO] - [INIT]
[2026-03-20 07:40:42,544][flwr][INFO] - Requesting initial parameters from one random client
[2026-03-20 07:40:54,467][flwr][INFO] - Received initial parameters from one random client
[2026-03-20 07:40:54,468][flwr][INFO] - Starting evaluation of initial global parameters
[2026-03-20 07:40:57,250][flwr][INFO] - initial parameters (loss, other metrics): 361.96733140945435, {'accuracy': 0.0955}
[2026-03-20 07:40:57,251][flwr][INFO] - 
[2026-03-20 07:40:57,251][flwr][INFO] - [ROUND 1]
[2026-03-20 07:40:57,252][flwr][INFO] - Sampling failed: number of available clients (2) is less than number of requested clients (3).
[2026-03-20 07:40:57,252][flwr][INFO] - configure_fit: no clients selected, cancel
[2026-03-20 07:40:59,804][flwr][INFO] - fit progress: (1, 361.96733140945435, {'accuracy': 0.0955}, 2.552533299996867)
[2026-03-20 07:40:59,804][flwr][INFO] - Sampling failed: number of available clients (2) is less than number of requested clients (4).
[2026-03-20 07:40:59,805][flwr][INFO] - configure_evaluate: no clients selected, skipping evaluation
[2026-03-20 07:40:59,805][flwr][INFO] - 
[2026-03-20 07:40:59,805][flwr][INFO] - [ROUND 2]
[2026-03-20 07:40:59,806][flwr][INFO] - Sampling failed: number of available clients (2) is less than number of requested clients (3).
[2026-03-20 07:40:59,806][flwr][INFO] - configure_fit: no clients selected, cancel
[2026-03-20 07:41:02,524][flwr][INFO] - fit progress: (2, 361.96733140945435, {'accuracy': 0.0955}, 5.272872300003655)
[2026-03-20 07:41:02,524][flwr][INFO] - Sampling failed: number of available clients (2) is less than number of requested clients (4).
[2026-03-20 07:41:02,525][flwr][INFO] - configure_evaluate: no clients selected, skipping evaluation
[2026-03-20 07:41:02,525][flwr][INFO] - 
[2026-03-20 07:41:02,526][flwr][INFO] - [ROUND 3]
[2026-03-20 07:41:02,527][flwr][INFO] - Sampling failed: number of available clients (2) is less than number of requested clients (3).
[2026-03-20 07:41:02,527][flwr][INFO] - configure_fit: no clients selected, cancel
[2026-03-20 07:41:04,918][flwr][INFO] - fit progress: (3, 361.96733140945435, {'accuracy': 0.0955}, 7.666947999998229)
[2026-03-20 07:41:04,918][flwr][INFO] - Sampling failed: number of available clients (2) is less than number of requested clients (4).
[2026-03-20 07:41:04,918][flwr][INFO] - configure_evaluate: no clients selected, skipping evaluation
[2026-03-20 07:41:04,920][flwr][INFO] - 
[2026-03-20 07:41:04,920][flwr][INFO] - [ROUND 4]
[2026-03-20 07:41:04,920][flwr][INFO] - Sampling failed: number of available clients (2) is less than number of requested clients (3).
[2026-03-20 07:41:04,920][flwr][INFO] - configure_fit: no clients selected, cancel
[2026-03-20 07:41:07,599][flwr][INFO] - fit progress: (4, 361.96733140945435, {'accuracy': 0.0955}, 10.348836899996968)
[2026-03-20 07:41:07,601][flwr][INFO] - Sampling failed: number of available clients (2) is less than number of requested clients (4).
[2026-03-20 07:41:07,602][flwr][INFO] - configure_evaluate: no clients selected, skipping evaluation
[2026-03-20 07:41:07,602][flwr][INFO] - 
[2026-03-20 07:41:07,604][flwr][INFO] - [ROUND 5]
[2026-03-20 07:41:07,604][flwr][INFO] - Sampling failed: number of available clients (2) is less than number of requested clients (3).
[2026-03-20 07:41:07,604][flwr][INFO] - configure_fit: no clients selected, cancel
[2026-03-20 07:41:10,173][flwr][INFO] - fit progress: (5, 361.96733140945435, {'accuracy': 0.0955}, 12.922475300001679)
[2026-03-20 07:41:10,174][flwr][INFO] - Sampling failed: number of available clients (2) is less than number of requested clients (4).
[2026-03-20 07:41:10,174][flwr][INFO] - configure_evaluate: no clients selected, skipping evaluation
[2026-03-20 07:41:10,174][flwr][INFO] - 
[2026-03-20 07:41:10,174][flwr][INFO] - [ROUND 6]
[2026-03-20 07:41:10,175][flwr][INFO] - Sampling failed: number of available clients (2) is less than number of requested clients (3).
[2026-03-20 07:41:10,175][flwr][INFO] - configure_fit: no clients selected, cancel
[2026-03-20 07:41:12,562][flwr][INFO] - fit progress: (6, 361.96733140945435, {'accuracy': 0.0955}, 15.311042999994243)
[2026-03-20 07:41:12,562][flwr][INFO] - Sampling failed: number of available clients (2) is less than number of requested clients (4).
[2026-03-20 07:41:12,563][flwr][INFO] - configure_evaluate: no clients selected, skipping evaluation
[2026-03-20 07:41:12,563][flwr][INFO] - 
[2026-03-20 07:41:12,563][flwr][INFO] - [ROUND 7]
[2026-03-20 07:41:12,563][flwr][INFO] - Sampling failed: number of available clients (2) is less than number of requested clients (3).
[2026-03-20 07:41:12,563][flwr][INFO] - configure_fit: no clients selected, cancel
[2026-03-20 07:41:14,750][flwr][INFO] - fit progress: (7, 361.96733140945435, {'accuracy': 0.0955}, 17.499431399992318)
[2026-03-20 07:41:14,752][flwr][INFO] - Sampling failed: number of available clients (2) is less than number of requested clients (4).
[2026-03-20 07:41:14,754][flwr][INFO] - configure_evaluate: no clients selected, skipping evaluation
[2026-03-20 07:41:14,754][flwr][INFO] - 
[2026-03-20 07:41:14,754][flwr][INFO] - [ROUND 8]
[2026-03-20 07:41:14,755][flwr][INFO] - Sampling failed: number of available clients (2) is less than number of requested clients (3).
[2026-03-20 07:41:14,755][flwr][INFO] - configure_fit: no clients selected, cancel
[2026-03-20 07:41:16,838][flwr][INFO] - fit progress: (8, 361.96733140945435, {'accuracy': 0.0955}, 19.58683079999173)
[2026-03-20 07:41:16,838][flwr][INFO] - Sampling failed: number of available clients (2) is less than number of requested clients (4).
[2026-03-20 07:41:16,838][flwr][INFO] - configure_evaluate: no clients selected, skipping evaluation
[2026-03-20 07:41:16,839][flwr][INFO] - 
[2026-03-20 07:41:16,839][flwr][INFO] - [SUMMARY]
[2026-03-20 07:41:16,839][flwr][INFO] - Run finished 8 round(s) in 19.59s
[2026-03-20 07:41:16,840][flwr][INFO] - 	History (loss, centralized):
[2026-03-20 07:41:16,840][flwr][INFO] - 		round 0: 361.96733140945435
[2026-03-20 07:41:16,840][flwr][INFO] - 		round 1: 361.96733140945435
[2026-03-20 07:41:16,840][flwr][INFO] - 		round 2: 361.96733140945435
[2026-03-20 07:41:16,840][flwr][INFO] - 		round 3: 361.96733140945435
[2026-03-20 07:41:16,840][flwr][INFO] - 		round 4: 361.96733140945435
[2026-03-20 07:41:16,841][flwr][INFO] - 		round 5: 361.96733140945435
[2026-03-20 07:41:16,841][flwr][INFO] - 		round 6: 361.96733140945435
[2026-03-20 07:41:16,841][flwr][INFO] - 		round 7: 361.96733140945435
[2026-03-20 07:41:16,841][flwr][INFO] - 		round 8: 361.96733140945435
[2026-03-20 07:41:16,841][flwr][INFO] - 	History (metrics, centralized):
[2026-03-20 07:41:16,841][flwr][INFO] - 	{'accuracy': [(0, 0.0955),
[2026-03-20 07:41:16,843][flwr][INFO] - 	              (1, 0.0955),
[2026-03-20 07:41:16,843][flwr][INFO] - 	              (2, 0.0955),
[2026-03-20 07:41:16,843][flwr][INFO] - 	              (3, 0.0955),
[2026-03-20 07:41:16,843][flwr][INFO] - 	              (4, 0.0955),
[2026-03-20 07:41:16,843][flwr][INFO] - 	              (5, 0.0955),
[2026-03-20 07:41:16,843][flwr][INFO] - 	              (6, 0.0955),
[2026-03-20 07:41:16,844][flwr][INFO] - 	              (7, 0.0955),
[2026-03-20 07:41:16,844][flwr][INFO] - 	              (8, 0.0955)]}
[2026-03-20 07:41:16,844][flwr][INFO] - 
