[2026-03-11 20:24:36,361][flwr][WARNING] - DEPRECATED FEATURE: flwr.simulation.start_simulation() is deprecated.
	Instead, use the `flwr run` CLI command to start a local simulation in your Flower app, as shown for example below:

		$ flwr new  # Create a new Flower app from a template

		$ flwr run  # Run the Flower app in Simulation Mode

	Using `start_simulation()` is deprecated.

            This is a deprecated feature. It will be removed
            entirely in future versions of Flower.
        
[2026-03-11 20:24:36,364][flwr][INFO] - Starting Flower simulation, config: num_rounds=8, no round_timeout
[2026-03-11 20:24:46,628][flwr][INFO] - Flower VCE: Ray initialized with resources: {'CPU': 8.0, 'memory': 527616410.0, 'node:127.0.0.1': 1.0, 'node:__internal_head__': 1.0, 'object_store_memory': 226121318.0}
[2026-03-11 20:24:46,631][flwr][INFO] - Optimize your simulation with Flower VCE: https://flower.ai/docs/framework/how-to-run-simulations.html
[2026-03-11 20:24:46,632][flwr][INFO] - No `client_resources` specified. Using minimal resources for clients.
[2026-03-11 20:24:46,633][flwr][INFO] - Flower VCE: Resources for each Virtual Client: {'num_cpus': 1, 'num_gpus': 0.0}
[2026-03-11 20:24:46,801][flwr][INFO] - Flower VCE: Creating VirtualClientEngineActorPool with 8 actors
[2026-03-11 20:24:46,803][flwr][INFO] - [INIT]
[2026-03-11 20:24:46,804][flwr][INFO] - Requesting initial parameters from one random client
[2026-03-11 20:25:11,661][flwr][INFO] - Received initial parameters from one random client
[2026-03-11 20:25:11,667][flwr][INFO] - Starting evaluation of initial global parameters
[2026-03-11 20:25:14,750][flwr][INFO] - initial parameters (loss, other metrics): 361.313378572464, {'accuracy': 0.0679}
[2026-03-11 20:25:14,750][flwr][INFO] - 
[2026-03-11 20:25:14,750][flwr][INFO] - [ROUND 1]
[2026-03-11 20:25:14,754][flwr][INFO] - configure_fit: strategy sampled 3 clients (out of 12)
[2026-03-11 20:25:25,236][flwr][INFO] - aggregate_fit: received 3 results and 0 failures
[2026-03-11 20:25:25,250][flwr][WARNING] - No fit_metrics_aggregation_fn provided
[2026-03-11 20:25:27,865][flwr][INFO] - fit progress: (1, 245.8062686920166, {'accuracy': 0.5599}, 13.112437499978114)
[2026-03-11 20:25:27,866][flwr][INFO] - configure_evaluate: strategy sampled 4 clients (out of 12)
[2026-03-11 20:25:34,683][flwr][INFO] - aggregate_evaluate: received 4 results and 0 failures
[2026-03-11 20:25:34,684][flwr][WARNING] - No evaluate_metrics_aggregation_fn provided
[2026-03-11 20:25:34,685][flwr][INFO] - 
[2026-03-11 20:25:34,685][flwr][INFO] - [ROUND 2]
[2026-03-11 20:25:34,686][flwr][INFO] - configure_fit: strategy sampled 3 clients (out of 12)
[2026-03-11 20:25:37,430][flwr][INFO] - aggregate_fit: received 3 results and 0 failures
[2026-03-11 20:25:40,569][flwr][INFO] - fit progress: (2, 310.01564061641693, {'accuracy': 0.3104}, 25.82399920001626)
[2026-03-11 20:25:40,577][flwr][INFO] - configure_evaluate: strategy sampled 4 clients (out of 12)
[2026-03-11 20:25:41,330][flwr][INFO] - aggregate_evaluate: received 4 results and 0 failures
[2026-03-11 20:25:41,331][flwr][INFO] - 
[2026-03-11 20:25:41,331][flwr][INFO] - [ROUND 3]
[2026-03-11 20:25:41,331][flwr][INFO] - configure_fit: strategy sampled 3 clients (out of 12)
[2026-03-11 20:25:44,196][flwr][INFO] - aggregate_fit: received 3 results and 0 failures
[2026-03-11 20:25:46,837][flwr][INFO] - fit progress: (3, 202.1819011569023, {'accuracy': 0.6118}, 32.084747900022194)
[2026-03-11 20:25:46,837][flwr][INFO] - configure_evaluate: strategy sampled 4 clients (out of 12)
[2026-03-11 20:25:47,570][flwr][INFO] - aggregate_evaluate: received 4 results and 0 failures
[2026-03-11 20:25:47,570][flwr][INFO] - 
[2026-03-11 20:25:47,570][flwr][INFO] - [ROUND 4]
[2026-03-11 20:25:47,570][flwr][INFO] - configure_fit: strategy sampled 3 clients (out of 12)
[2026-03-11 20:25:50,283][flwr][INFO] - aggregate_fit: received 3 results and 0 failures
[2026-03-11 20:25:52,768][flwr][INFO] - fit progress: (4, 246.76789784431458, {'accuracy': 0.4095}, 38.01645160000771)
[2026-03-11 20:25:52,769][flwr][INFO] - configure_evaluate: strategy sampled 4 clients (out of 12)
[2026-03-11 20:25:53,582][flwr][INFO] - aggregate_evaluate: received 4 results and 0 failures
[2026-03-11 20:25:53,587][flwr][INFO] - 
[2026-03-11 20:25:53,587][flwr][INFO] - [ROUND 5]
[2026-03-11 20:25:53,587][flwr][INFO] - configure_fit: strategy sampled 3 clients (out of 12)
[2026-03-11 20:25:56,302][flwr][INFO] - aggregate_fit: received 3 results and 0 failures
[2026-03-11 20:25:59,066][flwr][INFO] - fit progress: (5, 229.69823622703552, {'accuracy': 0.4643}, 44.314465300005395)
[2026-03-11 20:25:59,066][flwr][INFO] - configure_evaluate: strategy sampled 4 clients (out of 12)
[2026-03-11 20:26:00,215][flwr][INFO] - aggregate_evaluate: received 4 results and 0 failures
[2026-03-11 20:26:00,215][flwr][INFO] - 
[2026-03-11 20:26:00,215][flwr][INFO] - [ROUND 6]
[2026-03-11 20:26:00,219][flwr][INFO] - configure_fit: strategy sampled 3 clients (out of 12)
[2026-03-11 20:26:03,217][flwr][INFO] - aggregate_fit: received 3 results and 0 failures
[2026-03-11 20:26:05,783][flwr][INFO] - fit progress: (6, 247.15943336486816, {'accuracy': 0.4994}, 51.03039580001496)
[2026-03-11 20:26:05,784][flwr][INFO] - configure_evaluate: strategy sampled 4 clients (out of 12)
[2026-03-11 20:26:06,593][flwr][INFO] - aggregate_evaluate: received 4 results and 0 failures
[2026-03-11 20:26:06,594][flwr][INFO] - 
[2026-03-11 20:26:06,594][flwr][INFO] - [ROUND 7]
[2026-03-11 20:26:06,595][flwr][INFO] - configure_fit: strategy sampled 3 clients (out of 12)
[2026-03-11 20:26:10,137][flwr][INFO] - aggregate_fit: received 3 results and 0 failures
[2026-03-11 20:26:12,799][flwr][INFO] - fit progress: (7, 260.1344155073166, {'accuracy': 0.4511}, 58.046182200021576)
[2026-03-11 20:26:12,799][flwr][INFO] - configure_evaluate: strategy sampled 4 clients (out of 12)
[2026-03-11 20:26:13,625][flwr][INFO] - aggregate_evaluate: received 4 results and 0 failures
[2026-03-11 20:26:13,626][flwr][INFO] - 
[2026-03-11 20:26:13,627][flwr][INFO] - [ROUND 8]
[2026-03-11 20:26:13,627][flwr][INFO] - configure_fit: strategy sampled 3 clients (out of 12)
[2026-03-11 20:26:17,106][flwr][INFO] - aggregate_fit: received 3 results and 0 failures
[2026-03-11 20:26:22,414][flwr][INFO] - fit progress: (8, 254.48685956001282, {'accuracy': 0.4542}, 67.66216830001213)
[2026-03-11 20:26:22,414][flwr][INFO] - configure_evaluate: strategy sampled 4 clients (out of 12)
[2026-03-11 20:26:23,640][flwr][INFO] - aggregate_evaluate: received 4 results and 0 failures
[2026-03-11 20:26:23,641][flwr][INFO] - 
[2026-03-11 20:26:23,641][flwr][INFO] - [SUMMARY]
[2026-03-11 20:26:23,642][flwr][INFO] - Run finished 8 round(s) in 68.89s
[2026-03-11 20:26:23,643][flwr][INFO] - 	History (loss, distributed):
[2026-03-11 20:26:23,645][flwr][INFO] - 		round 1: 25.540169596672058
[2026-03-11 20:26:23,645][flwr][INFO] - 		round 2: 31.128220081329346
[2026-03-11 20:26:23,646][flwr][INFO] - 		round 3: 21.677811667323112
[2026-03-11 20:26:23,647][flwr][INFO] - 		round 4: 26.196715861558914
[2026-03-11 20:26:23,647][flwr][INFO] - 		round 5: 24.74391783773899
[2026-03-11 20:26:23,648][flwr][INFO] - 		round 6: 25.762640118598938
[2026-03-11 20:26:23,648][flwr][INFO] - 		round 7: 26.809592872858047
[2026-03-11 20:26:23,649][flwr][INFO] - 		round 8: 25.89102867245674
[2026-03-11 20:26:23,649][flwr][INFO] - 	History (loss, centralized):
[2026-03-11 20:26:23,650][flwr][INFO] - 		round 0: 361.313378572464
[2026-03-11 20:26:23,651][flwr][INFO] - 		round 1: 245.8062686920166
[2026-03-11 20:26:23,652][flwr][INFO] - 		round 2: 310.01564061641693
[2026-03-11 20:26:23,652][flwr][INFO] - 		round 3: 202.1819011569023
[2026-03-11 20:26:23,654][flwr][INFO] - 		round 4: 246.76789784431458
[2026-03-11 20:26:23,655][flwr][INFO] - 		round 5: 229.69823622703552
[2026-03-11 20:26:23,655][flwr][INFO] - 		round 6: 247.15943336486816
[2026-03-11 20:26:23,655][flwr][INFO] - 		round 7: 260.1344155073166
[2026-03-11 20:26:23,655][flwr][INFO] - 		round 8: 254.48685956001282
[2026-03-11 20:26:23,656][flwr][INFO] - 	History (metrics, centralized):
[2026-03-11 20:26:23,657][flwr][INFO] - 	{'accuracy': [(0, 0.0679),
[2026-03-11 20:26:23,657][flwr][INFO] - 	              (1, 0.5599),
[2026-03-11 20:26:23,658][flwr][INFO] - 	              (2, 0.3104),
[2026-03-11 20:26:23,659][flwr][INFO] - 	              (3, 0.6118),
[2026-03-11 20:26:23,659][flwr][INFO] - 	              (4, 0.4095),
[2026-03-11 20:26:23,660][flwr][INFO] - 	              (5, 0.4643),
[2026-03-11 20:26:23,662][flwr][INFO] - 	              (6, 0.4994),
[2026-03-11 20:26:23,662][flwr][INFO] - 	              (7, 0.4511),
[2026-03-11 20:26:23,663][flwr][INFO] - 	              (8, 0.4542)]}
[2026-03-11 20:26:23,663][flwr][INFO] - 
