[2026-03-20 07:29:20,540][flwr][WARNING] - DEPRECATED FEATURE: flwr.simulation.start_simulation() is deprecated.
	Instead, use the `flwr run` CLI command to start a local simulation in your Flower app, as shown for example below:

		$ flwr new  # Create a new Flower app from a template

		$ flwr run  # Run the Flower app in Simulation Mode

	Using `start_simulation()` is deprecated.

            This is a deprecated feature. It will be removed
            entirely in future versions of Flower.
        
[2026-03-20 07:29:20,541][flwr][INFO] - Starting Flower simulation, config: num_rounds=8, no round_timeout
[2026-03-20 07:29:24,550][flwr][INFO] - Flower VCE: Ray initialized with resources: {'CPU': 8.0, 'object_store_memory': 360853094.0, 'node:127.0.0.1': 1.0, 'memory': 841990554.0, 'node:__internal_head__': 1.0}
[2026-03-20 07:29:24,551][flwr][INFO] - Optimize your simulation with Flower VCE: https://flower.ai/docs/framework/how-to-run-simulations.html
[2026-03-20 07:29:24,551][flwr][INFO] - No `client_resources` specified. Using minimal resources for clients.
[2026-03-20 07:29:24,551][flwr][INFO] - Flower VCE: Resources for each Virtual Client: {'num_cpus': 1, 'num_gpus': 0.0}
[2026-03-20 07:29:24,578][flwr][INFO] - Flower VCE: Creating VirtualClientEngineActorPool with 8 actors
[2026-03-20 07:29:24,580][flwr][INFO] - [INIT]
[2026-03-20 07:29:24,581][flwr][INFO] - Requesting initial parameters from one random client
[2026-03-20 07:29:34,348][flwr][INFO] - Received initial parameters from one random client
[2026-03-20 07:29:34,350][flwr][INFO] - Starting evaluation of initial global parameters
[2026-03-20 07:29:37,031][flwr][INFO] - initial parameters (loss, other metrics): 361.1633870601654, {'accuracy': 0.1116}
[2026-03-20 07:29:37,031][flwr][INFO] - 
[2026-03-20 07:29:37,031][flwr][INFO] - [ROUND 1]
[2026-03-20 07:29:37,031][flwr][INFO] - configure_fit: strategy sampled 3 clients (out of 12)
[2026-03-20 07:29:50,807][flwr][INFO] - aggregate_fit: received 3 results and 0 failures
[2026-03-20 07:29:50,816][flwr][WARNING] - No fit_metrics_aggregation_fn provided
[2026-03-20 07:29:56,161][flwr][INFO] - fit progress: (1, 160.88290637731552, {'accuracy': 0.6829}, 19.129529900004854)
[2026-03-20 07:29:56,161][flwr][INFO] - configure_evaluate: strategy sampled 4 clients (out of 12)
[2026-03-20 07:30:03,770][flwr][INFO] - aggregate_evaluate: received 4 results and 0 failures
[2026-03-20 07:30:03,770][flwr][WARNING] - No evaluate_metrics_aggregation_fn provided
[2026-03-20 07:30:03,771][flwr][INFO] - 
[2026-03-20 07:30:03,771][flwr][INFO] - [ROUND 2]
[2026-03-20 07:30:03,772][flwr][INFO] - configure_fit: strategy sampled 3 clients (out of 12)
[2026-03-20 07:30:06,676][flwr][INFO] - aggregate_fit: received 3 results and 0 failures
[2026-03-20 07:30:09,222][flwr][INFO] - fit progress: (2, 178.1691444516182, {'accuracy': 0.5856}, 32.18993930000579)
[2026-03-20 07:30:09,223][flwr][INFO] - configure_evaluate: strategy sampled 4 clients (out of 12)
[2026-03-20 07:30:10,016][flwr][INFO] - aggregate_evaluate: received 4 results and 0 failures
[2026-03-20 07:30:10,017][flwr][INFO] - 
[2026-03-20 07:30:10,018][flwr][INFO] - [ROUND 3]
[2026-03-20 07:30:10,018][flwr][INFO] - configure_fit: strategy sampled 3 clients (out of 12)
[2026-03-20 07:30:13,273][flwr][INFO] - aggregate_fit: received 3 results and 0 failures
[2026-03-20 07:30:16,302][flwr][INFO] - fit progress: (3, 174.08129489421844, {'accuracy': 0.678}, 39.27105150000716)
[2026-03-20 07:30:16,303][flwr][INFO] - configure_evaluate: strategy sampled 4 clients (out of 12)
[2026-03-20 07:30:16,973][flwr][INFO] - aggregate_evaluate: received 4 results and 0 failures
[2026-03-20 07:30:16,974][flwr][INFO] - 
[2026-03-20 07:30:16,974][flwr][INFO] - [ROUND 4]
[2026-03-20 07:30:16,975][flwr][INFO] - configure_fit: strategy sampled 3 clients (out of 12)
[2026-03-20 07:30:19,340][flwr][INFO] - aggregate_fit: received 3 results and 0 failures
[2026-03-20 07:30:22,138][flwr][INFO] - fit progress: (4, 135.06133064627647, {'accuracy': 0.725}, 45.10647450000397)
[2026-03-20 07:30:22,140][flwr][INFO] - configure_evaluate: strategy sampled 4 clients (out of 12)
[2026-03-20 07:30:22,890][flwr][INFO] - aggregate_evaluate: received 4 results and 0 failures
[2026-03-20 07:30:22,890][flwr][INFO] - 
[2026-03-20 07:30:22,891][flwr][INFO] - [ROUND 5]
[2026-03-20 07:30:22,891][flwr][INFO] - configure_fit: strategy sampled 3 clients (out of 12)
[2026-03-20 07:30:25,636][flwr][INFO] - aggregate_fit: received 3 results and 0 failures
[2026-03-20 07:30:28,094][flwr][INFO] - fit progress: (5, 70.04168862849474, {'accuracy': 0.8789}, 51.06235540000489)
[2026-03-20 07:30:28,094][flwr][INFO] - configure_evaluate: strategy sampled 4 clients (out of 12)
[2026-03-20 07:30:28,731][flwr][INFO] - aggregate_evaluate: received 4 results and 0 failures
[2026-03-20 07:30:28,732][flwr][INFO] - 
[2026-03-20 07:30:28,732][flwr][INFO] - [ROUND 6]
[2026-03-20 07:30:28,732][flwr][INFO] - configure_fit: strategy sampled 3 clients (out of 12)
[2026-03-20 07:30:31,470][flwr][INFO] - aggregate_fit: received 3 results and 0 failures
[2026-03-20 07:30:33,836][flwr][INFO] - fit progress: (6, 52.263188952580094, {'accuracy': 0.9165}, 56.80490080000891)
[2026-03-20 07:30:33,837][flwr][INFO] - configure_evaluate: strategy sampled 4 clients (out of 12)
[2026-03-20 07:30:34,572][flwr][INFO] - aggregate_evaluate: received 4 results and 0 failures
[2026-03-20 07:30:34,573][flwr][INFO] - 
[2026-03-20 07:30:34,573][flwr][INFO] - [ROUND 7]
[2026-03-20 07:30:34,573][flwr][INFO] - configure_fit: strategy sampled 3 clients (out of 12)
[2026-03-20 07:30:37,170][flwr][INFO] - aggregate_fit: received 3 results and 0 failures
[2026-03-20 07:30:39,813][flwr][INFO] - fit progress: (7, 55.509997291490436, {'accuracy': 0.9073}, 62.781243000004906)
[2026-03-20 07:30:39,816][flwr][INFO] - configure_evaluate: strategy sampled 4 clients (out of 12)
[2026-03-20 07:30:40,587][flwr][INFO] - aggregate_evaluate: received 4 results and 0 failures
[2026-03-20 07:30:40,587][flwr][INFO] - 
[2026-03-20 07:30:40,587][flwr][INFO] - [ROUND 8]
[2026-03-20 07:30:40,588][flwr][INFO] - configure_fit: strategy sampled 3 clients (out of 12)
[2026-03-20 07:30:43,830][flwr][INFO] - aggregate_fit: received 3 results and 0 failures
[2026-03-20 07:30:46,618][flwr][INFO] - fit progress: (8, 59.501295872498304, {'accuracy': 0.9039}, 69.58597350001219)
[2026-03-20 07:30:46,619][flwr][INFO] - configure_evaluate: strategy sampled 4 clients (out of 12)
[2026-03-20 07:30:47,360][flwr][INFO] - aggregate_evaluate: received 4 results and 0 failures
[2026-03-20 07:30:47,361][flwr][INFO] - 
[2026-03-20 07:30:47,361][flwr][INFO] - [SUMMARY]
[2026-03-20 07:30:47,362][flwr][INFO] - Run finished 8 round(s) in 70.33s
[2026-03-20 07:30:47,363][flwr][INFO] - 	History (loss, distributed):
[2026-03-20 07:30:47,364][flwr][INFO] - 		round 1: 16.66945753991604
[2026-03-20 07:30:47,364][flwr][INFO] - 		round 2: 18.18643817305565
[2026-03-20 07:30:47,364][flwr][INFO] - 		round 3: 17.368061006069183
[2026-03-20 07:30:47,366][flwr][INFO] - 		round 4: 14.026497602462769
[2026-03-20 07:30:47,366][flwr][INFO] - 		round 5: 7.796015851199627
[2026-03-20 07:30:47,366][flwr][INFO] - 		round 6: 6.224267844110727
[2026-03-20 07:30:47,366][flwr][INFO] - 		round 7: 6.314657773822546
[2026-03-20 07:30:47,367][flwr][INFO] - 		round 8: 5.452410638332367
[2026-03-20 07:30:47,367][flwr][INFO] - 	History (loss, centralized):
[2026-03-20 07:30:47,367][flwr][INFO] - 		round 0: 361.1633870601654
[2026-03-20 07:30:47,367][flwr][INFO] - 		round 1: 160.88290637731552
[2026-03-20 07:30:47,368][flwr][INFO] - 		round 2: 178.1691444516182
[2026-03-20 07:30:47,368][flwr][INFO] - 		round 3: 174.08129489421844
[2026-03-20 07:30:47,368][flwr][INFO] - 		round 4: 135.06133064627647
[2026-03-20 07:30:47,368][flwr][INFO] - 		round 5: 70.04168862849474
[2026-03-20 07:30:47,369][flwr][INFO] - 		round 6: 52.263188952580094
[2026-03-20 07:30:47,369][flwr][INFO] - 		round 7: 55.509997291490436
[2026-03-20 07:30:47,369][flwr][INFO] - 		round 8: 59.501295872498304
[2026-03-20 07:30:47,370][flwr][INFO] - 	History (metrics, centralized):
[2026-03-20 07:30:47,370][flwr][INFO] - 	{'accuracy': [(0, 0.1116),
[2026-03-20 07:30:47,370][flwr][INFO] - 	              (1, 0.6829),
[2026-03-20 07:30:47,371][flwr][INFO] - 	              (2, 0.5856),
[2026-03-20 07:30:47,371][flwr][INFO] - 	              (3, 0.678),
[2026-03-20 07:30:47,371][flwr][INFO] - 	              (4, 0.725),
[2026-03-20 07:30:47,372][flwr][INFO] - 	              (5, 0.8789),
[2026-03-20 07:30:47,373][flwr][INFO] - 	              (6, 0.9165),
[2026-03-20 07:30:47,373][flwr][INFO] - 	              (7, 0.9073),
[2026-03-20 07:30:47,375][flwr][INFO] - 	              (8, 0.9039)]}
[2026-03-20 07:30:47,375][flwr][INFO] - 
