[2026-03-06 11:25:27,617][flwr][WARNING] - DEPRECATED FEATURE: flwr.simulation.start_simulation() is deprecated.
	Instead, use the `flwr run` CLI command to start a local simulation in your Flower app, as shown for example below:

		$ flwr new  # Create a new Flower app from a template

		$ flwr run  # Run the Flower app in Simulation Mode

	Using `start_simulation()` is deprecated.

            This is a deprecated feature. It will be removed
            entirely in future versions of Flower.
        
[2026-03-06 11:25:27,663][flwr][INFO] - Starting Flower simulation, config: num_rounds=8, no round_timeout
[2026-03-06 11:25:56,174][flwr][INFO] - Flower VCE: Ray initialized with resources: {'CPU': 8.0, 'object_store_memory': 310692249.0, 'node:127.0.0.1': 1.0, 'node:__internal_head__': 1.0, 'memory': 724948583.0}
[2026-03-06 11:25:56,220][flwr][INFO] - Optimize your simulation with Flower VCE: https://flower.ai/docs/framework/how-to-run-simulations.html
[2026-03-06 11:25:56,243][flwr][INFO] - No `client_resources` specified. Using minimal resources for clients.
[2026-03-06 11:25:56,257][flwr][INFO] - Flower VCE: Resources for each Virtual Client: {'num_cpus': 1, 'num_gpus': 0.0}
[2026-03-06 11:25:56,347][flwr][INFO] - Flower VCE: Creating VirtualClientEngineActorPool with 8 actors
[2026-03-06 11:25:56,349][flwr][INFO] - [INIT]
[2026-03-06 11:25:56,352][flwr][INFO] - Requesting initial parameters from one random client
[2026-03-06 11:26:09,095][flwr][INFO] - Received initial parameters from one random client
[2026-03-06 11:26:09,096][flwr][INFO] - Starting evaluation of initial global parameters
[2026-03-06 11:26:12,261][flwr][INFO] - initial parameters (loss, other metrics): 362.24477076530457, {'accuracy': 0.0982}
[2026-03-06 11:26:12,262][flwr][INFO] - 
[2026-03-06 11:26:12,262][flwr][INFO] - [ROUND 1]
[2026-03-06 11:26:12,265][flwr][INFO] - configure_fit: strategy sampled 3 clients (out of 12)
[2026-03-06 11:26:21,207][flwr][INFO] - aggregate_fit: received 3 results and 0 failures
[2026-03-06 11:26:21,219][flwr][WARNING] - No fit_metrics_aggregation_fn provided
[2026-03-06 11:26:24,399][flwr][INFO] - fit progress: (1, 166.55341827869415, {'accuracy': 0.6546}, 12.136864799999785)
[2026-03-06 11:26:24,401][flwr][INFO] - configure_evaluate: strategy sampled 4 clients (out of 12)
[2026-03-06 11:26:31,264][flwr][INFO] - aggregate_evaluate: received 4 results and 0 failures
[2026-03-06 11:26:31,265][flwr][WARNING] - No evaluate_metrics_aggregation_fn provided
[2026-03-06 11:26:31,265][flwr][INFO] - 
[2026-03-06 11:26:31,266][flwr][INFO] - [ROUND 2]
[2026-03-06 11:26:31,266][flwr][INFO] - configure_fit: strategy sampled 3 clients (out of 12)
[2026-03-06 11:26:35,225][flwr][INFO] - aggregate_fit: received 3 results and 0 failures
[2026-03-06 11:26:38,753][flwr][INFO] - fit progress: (2, 235.8476421236992, {'accuracy': 0.5641}, 26.490574599999945)
[2026-03-06 11:26:38,753][flwr][INFO] - configure_evaluate: strategy sampled 4 clients (out of 12)
[2026-03-06 11:26:39,594][flwr][INFO] - aggregate_evaluate: received 4 results and 0 failures
[2026-03-06 11:26:39,594][flwr][INFO] - 
[2026-03-06 11:26:39,594][flwr][INFO] - [ROUND 3]
[2026-03-06 11:26:39,595][flwr][INFO] - configure_fit: strategy sampled 3 clients (out of 12)
[2026-03-06 11:26:45,368][flwr][INFO] - aggregate_fit: received 3 results and 0 failures
[2026-03-06 11:26:48,642][flwr][INFO] - fit progress: (3, 172.5511441230774, {'accuracy': 0.6011}, 36.37923009999986)
[2026-03-06 11:26:48,643][flwr][INFO] - configure_evaluate: strategy sampled 4 clients (out of 12)
[2026-03-06 11:26:49,577][flwr][INFO] - aggregate_evaluate: received 4 results and 0 failures
[2026-03-06 11:26:49,578][flwr][INFO] - 
[2026-03-06 11:26:49,578][flwr][INFO] - [ROUND 4]
[2026-03-06 11:26:49,579][flwr][INFO] - configure_fit: strategy sampled 3 clients (out of 12)
[2026-03-06 11:26:53,046][flwr][INFO] - aggregate_fit: received 3 results and 0 failures
[2026-03-06 11:26:56,134][flwr][INFO] - fit progress: (4, 133.08661487698555, {'accuracy': 0.7843}, 43.872326899999734)
[2026-03-06 11:26:56,135][flwr][INFO] - configure_evaluate: strategy sampled 4 clients (out of 12)
[2026-03-06 11:26:57,019][flwr][INFO] - aggregate_evaluate: received 4 results and 0 failures
[2026-03-06 11:26:57,020][flwr][INFO] - 
[2026-03-06 11:26:57,020][flwr][INFO] - [ROUND 5]
[2026-03-06 11:26:57,020][flwr][INFO] - configure_fit: strategy sampled 3 clients (out of 12)
[2026-03-06 11:27:00,431][flwr][INFO] - aggregate_fit: received 3 results and 0 failures
[2026-03-06 11:27:04,925][flwr][INFO] - fit progress: (5, 169.06005692481995, {'accuracy': 0.6725}, 52.66212309999992)
[2026-03-06 11:27:04,925][flwr][INFO] - configure_evaluate: strategy sampled 4 clients (out of 12)
[2026-03-06 11:27:05,990][flwr][INFO] - aggregate_evaluate: received 4 results and 0 failures
[2026-03-06 11:27:05,990][flwr][INFO] - 
[2026-03-06 11:27:05,990][flwr][INFO] - [ROUND 6]
[2026-03-06 11:27:05,992][flwr][INFO] - configure_fit: strategy sampled 3 clients (out of 12)
[2026-03-06 11:27:09,589][flwr][INFO] - aggregate_fit: received 3 results and 0 failures
[2026-03-06 11:27:12,856][flwr][INFO] - fit progress: (6, 192.46680408716202, {'accuracy': 0.5598}, 60.594016799999736)
[2026-03-06 11:27:12,857][flwr][INFO] - configure_evaluate: strategy sampled 4 clients (out of 12)
[2026-03-06 11:27:14,048][flwr][INFO] - aggregate_evaluate: received 4 results and 0 failures
[2026-03-06 11:27:14,049][flwr][INFO] - 
[2026-03-06 11:27:14,050][flwr][INFO] - [ROUND 7]
[2026-03-06 11:27:14,050][flwr][INFO] - configure_fit: strategy sampled 3 clients (out of 12)
[2026-03-06 11:27:21,310][flwr][INFO] - aggregate_fit: received 3 results and 0 failures
[2026-03-06 11:27:26,903][flwr][INFO] - fit progress: (7, 212.9216769337654, {'accuracy': 0.512}, 74.64080349999995)
[2026-03-06 11:27:26,904][flwr][INFO] - configure_evaluate: strategy sampled 4 clients (out of 12)
[2026-03-06 11:27:28,186][flwr][INFO] - aggregate_evaluate: received 4 results and 0 failures
[2026-03-06 11:27:28,188][flwr][INFO] - 
[2026-03-06 11:27:28,189][flwr][INFO] - [ROUND 8]
[2026-03-06 11:27:28,190][flwr][INFO] - configure_fit: strategy sampled 3 clients (out of 12)
[2026-03-06 11:27:34,793][flwr][INFO] - aggregate_fit: received 3 results and 0 failures
[2026-03-06 11:27:41,508][flwr][INFO] - fit progress: (8, 154.88045072555542, {'accuracy': 0.7163}, 89.24624339999991)
[2026-03-06 11:27:41,510][flwr][INFO] - configure_evaluate: strategy sampled 4 clients (out of 12)
[2026-03-06 11:27:43,016][flwr][INFO] - aggregate_evaluate: received 4 results and 0 failures
[2026-03-06 11:27:43,017][flwr][INFO] - 
[2026-03-06 11:27:43,018][flwr][INFO] - [SUMMARY]
[2026-03-06 11:27:43,018][flwr][INFO] - Run finished 8 round(s) in 90.76s
[2026-03-06 11:27:43,020][flwr][INFO] - 	History (loss, distributed):
[2026-03-06 11:27:43,022][flwr][INFO] - 		round 1: 17.251922756433487
[2026-03-06 11:27:43,023][flwr][INFO] - 		round 2: 23.427567094564438
[2026-03-06 11:27:43,023][flwr][INFO] - 		round 3: 18.09688203036785
[2026-03-06 11:27:43,023][flwr][INFO] - 		round 4: 12.824019521474838
[2026-03-06 11:27:43,025][flwr][INFO] - 		round 5: 17.393205121159554
[2026-03-06 11:27:43,025][flwr][INFO] - 		round 6: 19.751540198922157
[2026-03-06 11:27:43,025][flwr][INFO] - 		round 7: 22.44519729912281
[2026-03-06 11:27:43,025][flwr][INFO] - 		round 8: 15.989153131842613
[2026-03-06 11:27:43,026][flwr][INFO] - 	History (loss, centralized):
[2026-03-06 11:27:43,026][flwr][INFO] - 		round 0: 362.24477076530457
[2026-03-06 11:27:43,027][flwr][INFO] - 		round 1: 166.55341827869415
[2026-03-06 11:27:43,027][flwr][INFO] - 		round 2: 235.8476421236992
[2026-03-06 11:27:43,027][flwr][INFO] - 		round 3: 172.5511441230774
[2026-03-06 11:27:43,029][flwr][INFO] - 		round 4: 133.08661487698555
[2026-03-06 11:27:43,030][flwr][INFO] - 		round 5: 169.06005692481995
[2026-03-06 11:27:43,030][flwr][INFO] - 		round 6: 192.46680408716202
[2026-03-06 11:27:43,031][flwr][INFO] - 		round 7: 212.9216769337654
[2026-03-06 11:27:43,032][flwr][INFO] - 		round 8: 154.88045072555542
[2026-03-06 11:27:43,033][flwr][INFO] - 	History (metrics, centralized):
[2026-03-06 11:27:43,033][flwr][INFO] - 	{'accuracy': [(0, 0.0982),
[2026-03-06 11:27:43,033][flwr][INFO] - 	              (1, 0.6546),
[2026-03-06 11:27:43,034][flwr][INFO] - 	              (2, 0.5641),
[2026-03-06 11:27:43,035][flwr][INFO] - 	              (3, 0.6011),
[2026-03-06 11:27:43,035][flwr][INFO] - 	              (4, 0.7843),
[2026-03-06 11:27:43,039][flwr][INFO] - 	              (5, 0.6725),
[2026-03-06 11:27:43,040][flwr][INFO] - 	              (6, 0.5598),
[2026-03-06 11:27:43,042][flwr][INFO] - 	              (7, 0.512),
[2026-03-06 11:27:43,042][flwr][INFO] - 	              (8, 0.7163)]}
[2026-03-06 11:27:43,043][flwr][INFO] - 
