[2026-04-08 11:19:50,727][flwr][WARNING] - DEPRECATED FEATURE: flwr.simulation.start_simulation() is deprecated.
	Instead, use the `flwr run` CLI command to start a local simulation in your Flower app, as shown for example below:

		$ flwr new  # Create a new Flower app from a template

		$ flwr run  # Run the Flower app in Simulation Mode

	Using `start_simulation()` is deprecated.

            This is a deprecated feature. It will be removed
            entirely in future versions of Flower.
        
[2026-04-08 11:19:50,738][flwr][INFO] - Starting Flower simulation, config: num_rounds=8, no round_timeout
[2026-04-08 11:20:00,646][flwr][INFO] - Flower VCE: Ray initialized with resources: {'CPU': 8.0, 'node:__internal_head__': 1.0, 'node:127.0.0.1': 1.0, 'memory': 343135028.0, 'object_store_memory': 147057868.0}
[2026-04-08 11:20:00,648][flwr][INFO] - Optimize your simulation with Flower VCE: https://flower.ai/docs/framework/how-to-run-simulations.html
[2026-04-08 11:20:00,648][flwr][INFO] - Flower VCE: Resources for each Virtual Client: {'num_cpus': 1.0, 'num_gpus': 0.0}
[2026-04-08 11:20:00,723][flwr][INFO] - Flower VCE: Creating VirtualClientEngineActorPool with 8 actors
[2026-04-08 11:20:00,723][flwr][INFO] - [INIT]
[2026-04-08 11:20:00,723][flwr][INFO] - Requesting initial parameters from one random client
[2026-04-08 11:20:20,397][flwr][INFO] - Received initial parameters from one random client
[2026-04-08 11:20:20,397][flwr][INFO] - Starting evaluation of initial global parameters
[2026-04-08 11:20:26,393][flwr][INFO] - initial parameters (loss, other metrics): 362.41272830963135, {'accuracy': 0.0756}
[2026-04-08 11:20:26,393][flwr][INFO] - 
[2026-04-08 11:20:26,397][flwr][INFO] - [ROUND 1]
[2026-04-08 11:20:26,399][flwr][INFO] - configure_fit: strategy sampled 2 clients (out of 2)
[2026-04-08 11:21:08,033][flwr][INFO] - aggregate_fit: received 2 results and 0 failures
[2026-04-08 11:21:08,047][flwr][WARNING] - No fit_metrics_aggregation_fn provided
[2026-04-08 11:21:13,914][flwr][INFO] - fit progress: (1, 362.06780791282654, {'accuracy': 0.1028}, 47.51990070001921)
[2026-04-08 11:21:13,914][flwr][INFO] - configure_evaluate: strategy sampled 2 clients (out of 2)
[2026-04-08 11:21:18,929][flwr][INFO] - aggregate_evaluate: received 2 results and 0 failures
[2026-04-08 11:21:18,930][flwr][WARNING] - No evaluate_metrics_aggregation_fn provided
[2026-04-08 11:21:18,931][flwr][INFO] - 
[2026-04-08 11:21:18,931][flwr][INFO] - [ROUND 2]
[2026-04-08 11:21:18,934][flwr][INFO] - configure_fit: strategy sampled 2 clients (out of 2)
[2026-04-08 11:21:51,216][flwr][INFO] - aggregate_fit: received 2 results and 0 failures
[2026-04-08 11:21:57,479][flwr][INFO] - fit progress: (2, 362.37084102630615, {'accuracy': 0.1028}, 91.08539200003725)
[2026-04-08 11:21:57,482][flwr][INFO] - configure_evaluate: strategy sampled 2 clients (out of 2)
[2026-04-08 11:22:02,755][flwr][INFO] - aggregate_evaluate: received 2 results and 0 failures
[2026-04-08 11:22:02,755][flwr][INFO] - 
[2026-04-08 11:22:02,755][flwr][INFO] - [ROUND 3]
[2026-04-08 11:22:02,755][flwr][INFO] - configure_fit: strategy sampled 2 clients (out of 2)
[2026-04-08 11:22:28,176][flwr][INFO] - aggregate_fit: received 2 results and 0 failures
[2026-04-08 11:22:29,970][flwr][INFO] - fit progress: (3, 362.51726055145264, {'accuracy': 0.1009}, 123.5735722000245)
[2026-04-08 11:22:29,970][flwr][INFO] - configure_evaluate: strategy sampled 2 clients (out of 2)
[2026-04-08 11:22:31,812][flwr][INFO] - aggregate_evaluate: received 2 results and 0 failures
[2026-04-08 11:22:31,813][flwr][INFO] - 
[2026-04-08 11:22:31,814][flwr][INFO] - [ROUND 4]
[2026-04-08 11:22:31,814][flwr][INFO] - configure_fit: strategy sampled 2 clients (out of 2)
[2026-04-08 11:22:43,482][flwr][INFO] - aggregate_fit: received 2 results and 0 failures
[2026-04-08 11:22:45,242][flwr][INFO] - fit progress: (4, 362.0089247226715, {'accuracy': 0.0982}, 138.84652780002216)
[2026-04-08 11:22:45,242][flwr][INFO] - configure_evaluate: strategy sampled 2 clients (out of 2)
[2026-04-08 11:22:46,664][flwr][INFO] - aggregate_evaluate: received 2 results and 0 failures
[2026-04-08 11:22:46,665][flwr][INFO] - 
[2026-04-08 11:22:46,665][flwr][INFO] - [ROUND 5]
[2026-04-08 11:22:46,665][flwr][INFO] - configure_fit: strategy sampled 2 clients (out of 2)
[2026-04-08 11:23:03,612][flwr][INFO] - aggregate_fit: received 2 results and 0 failures
[2026-04-08 11:23:05,554][flwr][INFO] - fit progress: (5, 362.29029083251953, {'accuracy': 0.101}, 159.15788740001153)
[2026-04-08 11:23:05,555][flwr][INFO] - configure_evaluate: strategy sampled 2 clients (out of 2)
[2026-04-08 11:23:07,340][flwr][INFO] - aggregate_evaluate: received 2 results and 0 failures
[2026-04-08 11:23:07,341][flwr][INFO] - 
[2026-04-08 11:23:07,341][flwr][INFO] - [ROUND 6]
[2026-04-08 11:23:07,341][flwr][INFO] - configure_fit: strategy sampled 2 clients (out of 2)
[2026-04-08 11:23:18,181][flwr][INFO] - aggregate_fit: received 2 results and 0 failures
[2026-04-08 11:23:20,130][flwr][INFO] - fit progress: (6, 362.5068497657776, {'accuracy': 0.0958}, 173.73394080001162)
[2026-04-08 11:23:20,130][flwr][INFO] - configure_evaluate: strategy sampled 2 clients (out of 2)
[2026-04-08 11:23:21,512][flwr][INFO] - aggregate_evaluate: received 2 results and 0 failures
[2026-04-08 11:23:21,513][flwr][INFO] - 
[2026-04-08 11:23:21,513][flwr][INFO] - [ROUND 7]
[2026-04-08 11:23:21,514][flwr][INFO] - configure_fit: strategy sampled 2 clients (out of 2)
[2026-04-08 11:23:32,439][flwr][INFO] - aggregate_fit: received 2 results and 0 failures
[2026-04-08 11:23:34,354][flwr][INFO] - fit progress: (7, 362.6893358230591, {'accuracy': 0.1135}, 187.95729290001327)
[2026-04-08 11:23:34,354][flwr][INFO] - configure_evaluate: strategy sampled 2 clients (out of 2)
[2026-04-08 11:23:35,673][flwr][INFO] - aggregate_evaluate: received 2 results and 0 failures
[2026-04-08 11:23:35,673][flwr][INFO] - 
[2026-04-08 11:23:35,673][flwr][INFO] - [ROUND 8]
[2026-04-08 11:23:35,673][flwr][INFO] - configure_fit: strategy sampled 2 clients (out of 2)
[2026-04-08 11:23:46,570][flwr][INFO] - aggregate_fit: received 2 results and 0 failures
[2026-04-08 11:23:48,340][flwr][INFO] - fit progress: (8, 361.895028591156, {'accuracy': 0.1135}, 201.94285780005157)
[2026-04-08 11:23:48,340][flwr][INFO] - configure_evaluate: strategy sampled 2 clients (out of 2)
[2026-04-08 11:23:49,680][flwr][INFO] - aggregate_evaluate: received 2 results and 0 failures
[2026-04-08 11:23:49,681][flwr][INFO] - 
[2026-04-08 11:23:49,681][flwr][INFO] - [SUMMARY]
[2026-04-08 11:23:49,681][flwr][INFO] - Run finished 8 round(s) in 203.28s
[2026-04-08 11:23:49,681][flwr][INFO] - 	History (loss, distributed):
[2026-04-08 11:23:49,682][flwr][INFO] - 		round 1: 216.60619390010834
[2026-04-08 11:23:49,682][flwr][INFO] - 		round 2: 216.79559552669525
[2026-04-08 11:23:49,682][flwr][INFO] - 		round 3: 216.8565570116043
[2026-04-08 11:23:49,682][flwr][INFO] - 		round 4: 216.93603944778442
[2026-04-08 11:23:49,682][flwr][INFO] - 		round 5: 216.7888287305832
[2026-04-08 11:23:49,682][flwr][INFO] - 		round 6: 216.69362592697144
[2026-04-08 11:23:49,682][flwr][INFO] - 		round 7: 217.3370727300644
[2026-04-08 11:23:49,683][flwr][INFO] - 		round 8: 216.6932109594345
[2026-04-08 11:23:49,683][flwr][INFO] - 	History (loss, centralized):
[2026-04-08 11:23:49,683][flwr][INFO] - 		round 0: 362.41272830963135
[2026-04-08 11:23:49,683][flwr][INFO] - 		round 1: 362.06780791282654
[2026-04-08 11:23:49,683][flwr][INFO] - 		round 2: 362.37084102630615
[2026-04-08 11:23:49,683][flwr][INFO] - 		round 3: 362.51726055145264
[2026-04-08 11:23:49,683][flwr][INFO] - 		round 4: 362.0089247226715
[2026-04-08 11:23:49,683][flwr][INFO] - 		round 5: 362.29029083251953
[2026-04-08 11:23:49,684][flwr][INFO] - 		round 6: 362.5068497657776
[2026-04-08 11:23:49,684][flwr][INFO] - 		round 7: 362.6893358230591
[2026-04-08 11:23:49,684][flwr][INFO] - 		round 8: 361.895028591156
[2026-04-08 11:23:49,684][flwr][INFO] - 	History (metrics, centralized):
[2026-04-08 11:23:49,684][flwr][INFO] - 	{'accuracy': [(0, 0.0756),
[2026-04-08 11:23:49,684][flwr][INFO] - 	              (1, 0.1028),
[2026-04-08 11:23:49,685][flwr][INFO] - 	              (2, 0.1028),
[2026-04-08 11:23:49,685][flwr][INFO] - 	              (3, 0.1009),
[2026-04-08 11:23:49,685][flwr][INFO] - 	              (4, 0.0982),
[2026-04-08 11:23:49,685][flwr][INFO] - 	              (5, 0.101),
[2026-04-08 11:23:49,685][flwr][INFO] - 	              (6, 0.0958),
[2026-04-08 11:23:49,685][flwr][INFO] - 	              (7, 0.1135),
[2026-04-08 11:23:49,685][flwr][INFO] - 	              (8, 0.1135)]}
[2026-04-08 11:23:49,685][flwr][INFO] - 
